::ffff:127.0.0.1 - - [03/Jan/2020:00:18:07 +0000] "DELETE /api/users/1 HTTP/1.1" 404 35 "-" "node-superagent/3.8.3"
::1 - - [03/Jan/2020:00:24:03 +0000] "GET /api/users/ HTTP/1.1" 200 745 "-" "Mozilla/5.0 (Windows NT 10.0; Win64; x64) AppleWebKit/537.36 (KHTML, like Gecko) Chrome/79.0.3945.88 Safari/537.36"
::1 - - [03/Jan/2020:00:24:10 +0000] "DELETE /api/users/5e0e883fc4f3e26cdc5071cb HTTP/1.1" 200 395 "-" "Mozilla/5.0 (Windows NT 10.0; Win64; x64) AppleWebKit/537.36 (KHTML, like Gecko) Chrome/79.0.3945.88 Safari/537.36"
::ffff:127.0.0.1 - - [03/Jan/2020:00:24:31 +0000] "POST /api/users HTTP/1.1" 200 386 "-" "node-superagent/3.8.3"
::ffff:127.0.0.1 - - [03/Jan/2020:00:24:31 +0000] "POST /api/users HTTP/1.1" 500 456 "-" "node-superagent/3.8.3"
::ffff:127.0.0.1 - - [03/Jan/2020:00:24:31 +0000] "POST /api/users HTTP/1.1" 500 61 "-" "node-superagent/3.8.3"
::ffff:127.0.0.1 - - [03/Jan/2020:00:24:31 +0000] "POST /api/login HTTP/1.1" 200 427 "-" "node-superagent/3.8.3"
::ffff:127.0.0.1 - - [03/Jan/2020:00:24:31 +0000] "GET /api/users/ HTTP/1.1" 404 35 "-" "node-superagent/3.8.3"
::ffff:127.0.0.1 - - [03/Jan/2020:00:24:31 +0000] "GET /api/users/email/test@xxx.com HTTP/1.1" 200 380 "-" "node-superagent/3.8.3"
::ffff:127.0.0.1 - - [03/Jan/2020:00:24:31 +0000] "GET /api/users/5e0e89bfd4dfc368202e1df3 HTTP/1.1" 404 35 "-" "node-superagent/3.8.3"
::ffff:127.0.0.1 - - [03/Jan/2020:00:24:31 +0000] "GET /api/users/5e0e89bfd4dfc368202e1df3 HTTP/1.1" 404 35 "-" "node-superagent/3.8.3"
::ffff:127.0.0.1 - - [03/Jan/2020:00:24:31 +0000] "POST /api/login HTTP/1.1" 200 427 "-" "node-superagent/3.8.3"
::ffff:127.0.0.1 - - [03/Jan/2020:00:24:31 +0000] "GET /api/users/email/test@xxx.com HTTP/1.1" 200 380 "-" "node-superagent/3.8.3"
::ffff:127.0.0.1 - - [03/Jan/2020:00:24:31 +0000] "PUT /api/users/5e0e89bfd4dfc368202e1df3 HTTP/1.1" 404 35 "-" "node-superagent/3.8.3"
::ffff:127.0.0.1 - - [03/Jan/2020:00:24:31 +0000] "PUT /api/users/45 HTTP/1.1" 404 35 "-" "node-superagent/3.8.3"
::ffff:127.0.0.1 - - [03/Jan/2020:00:24:31 +0000] "POST /api/login HTTP/1.1" 200 427 "-" "node-superagent/3.8.3"
::ffff:127.0.0.1 - - [03/Jan/2020:00:24:31 +0000] "GET /api/users/email/test@xxx.com HTTP/1.1" 200 380 "-" "node-superagent/3.8.3"
::ffff:127.0.0.1 - - [03/Jan/2020:00:24:31 +0000] "DELETE /api/users/5e0e89bfd4dfc368202e1df3 HTTP/1.1" 404 35 "-" "node-superagent/3.8.3"
::ffff:127.0.0.1 - - [03/Jan/2020:00:24:31 +0000] "DELETE /api/users/1 HTTP/1.1" 404 35 "-" "node-superagent/3.8.3"
::1 - - [03/Jan/2020:00:24:59 +0000] "GET /api/users/ HTTP/1.1" 200 745 "-" "Mozilla/5.0 (Windows NT 10.0; Win64; x64) AppleWebKit/537.36 (KHTML, like Gecko) Chrome/79.0.3945.88 Safari/537.36"
::1 - - [03/Jan/2020:00:25:06 +0000] "DELETE /api/users/5e0e89bfd4dfc368202e1df3 HTTP/1.1" 200 395 "-" "Mozilla/5.0 (Windows NT 10.0; Win64; x64) AppleWebKit/537.36 (KHTML, like Gecko) Chrome/79.0.3945.88 Safari/537.36"
::1 - - [03/Jan/2020:00:25:10 +0000] "GET /api/users/ HTTP/1.1" 200 416 "-" "Mozilla/5.0 (Windows NT 10.0; Win64; x64) AppleWebKit/537.36 (KHTML, like Gecko) Chrome/79.0.3945.88 Safari/537.36"
::ffff:127.0.0.1 - - [03/Jan/2020:00:25:16 +0000] "POST /api/users HTTP/1.1" 200 386 "-" "node-superagent/3.8.3"
::ffff:127.0.0.1 - - [03/Jan/2020:00:25:16 +0000] "POST /api/users HTTP/1.1" 500 456 "-" "node-superagent/3.8.3"
::ffff:127.0.0.1 - - [03/Jan/2020:00:25:16 +0000] "POST /api/users HTTP/1.1" 500 61 "-" "node-superagent/3.8.3"
::ffff:127.0.0.1 - - [03/Jan/2020:00:25:16 +0000] "POST /api/login HTTP/1.1" 200 427 "-" "node-superagent/3.8.3"
::ffff:127.0.0.1 - - [03/Jan/2020:00:25:16 +0000] "GET /api/users/ HTTP/1.1" 404 35 "-" "node-superagent/3.8.3"
::ffff:127.0.0.1 - - [03/Jan/2020:00:25:16 +0000] "GET /api/users/email/test@xxx.com HTTP/1.1" 200 380 "-" "node-superagent/3.8.3"
::ffff:127.0.0.1 - - [03/Jan/2020:00:25:16 +0000] "GET /api/users/5e0e89ecc97bac6fe4cc1846 HTTP/1.1" 404 35 "-" "node-superagent/3.8.3"
::ffff:127.0.0.1 - - [03/Jan/2020:00:25:16 +0000] "GET /api/users/5e0e89ecc97bac6fe4cc1846 HTTP/1.1" 404 35 "-" "node-superagent/3.8.3"
::ffff:127.0.0.1 - - [03/Jan/2020:00:25:16 +0000] "POST /api/login HTTP/1.1" 200 427 "-" "node-superagent/3.8.3"
::ffff:127.0.0.1 - - [03/Jan/2020:00:25:16 +0000] "GET /api/users/email/test@xxx.com HTTP/1.1" 200 380 "-" "node-superagent/3.8.3"
::ffff:127.0.0.1 - - [03/Jan/2020:00:25:16 +0000] "PUT /api/users/5e0e89ecc97bac6fe4cc1846 HTTP/1.1" 404 35 "-" "node-superagent/3.8.3"
::ffff:127.0.0.1 - - [03/Jan/2020:00:25:16 +0000] "PUT /api/users/45 HTTP/1.1" 404 35 "-" "node-superagent/3.8.3"
::ffff:127.0.0.1 - - [03/Jan/2020:00:25:16 +0000] "POST /api/login HTTP/1.1" 200 427 "-" "node-superagent/3.8.3"
::ffff:127.0.0.1 - - [03/Jan/2020:00:25:16 +0000] "GET /api/users/email/test@xxx.com HTTP/1.1" 200 380 "-" "node-superagent/3.8.3"
::ffff:127.0.0.1 - - [03/Jan/2020:00:25:16 +0000] "DELETE /api/users/5e0e89ecc97bac6fe4cc1846 HTTP/1.1" 404 35 "-" "node-superagent/3.8.3"
::ffff:127.0.0.1 - - [03/Jan/2020:00:25:16 +0000] "DELETE /api/users/1 HTTP/1.1" 404 35 "-" "node-superagent/3.8.3"
::1 - - [03/Jan/2020:00:25:31 +0000] "GET /api/users/ HTTP/1.1" 200 745 "-" "Mozilla/5.0 (Windows NT 10.0; Win64; x64) AppleWebKit/537.36 (KHTML, like Gecko) Chrome/79.0.3945.88 Safari/537.36"
::1 - - [03/Jan/2020:00:25:37 +0000] "DELETE /api/users/5e0e89ecc97bac6fe4cc1846 HTTP/1.1" 200 395 "-" "Mozilla/5.0 (Windows NT 10.0; Win64; x64) AppleWebKit/537.36 (KHTML, like Gecko) Chrome/79.0.3945.88 Safari/537.36"
::ffff:127.0.0.1 - - [03/Jan/2020:00:25:44 +0000] "POST /api/users HTTP/1.1" 200 386 "-" "node-superagent/3.8.3"
::ffff:127.0.0.1 - - [03/Jan/2020:00:25:44 +0000] "POST /api/users HTTP/1.1" 500 456 "-" "node-superagent/3.8.3"
::ffff:127.0.0.1 - - [03/Jan/2020:00:25:44 +0000] "POST /api/users HTTP/1.1" 500 61 "-" "node-superagent/3.8.3"
::ffff:127.0.0.1 - - [03/Jan/2020:00:25:44 +0000] "POST /api/login HTTP/1.1" 200 427 "-" "node-superagent/3.8.3"
::ffff:127.0.0.1 - - [03/Jan/2020:00:25:44 +0000] "GET /api/users/ HTTP/1.1" 404 35 "-" "node-superagent/3.8.3"
::ffff:127.0.0.1 - - [03/Jan/2020:00:25:44 +0000] "GET /api/users/email/test@xxx.com HTTP/1.1" 200 380 "-" "node-superagent/3.8.3"
::ffff:127.0.0.1 - - [03/Jan/2020:00:25:44 +0000] "GET /api/users/5e0e8a0891f4b758fc5b2c16 HTTP/1.1" 404 35 "-" "node-superagent/3.8.3"
::ffff:127.0.0.1 - - [03/Jan/2020:00:25:44 +0000] "GET /api/users/5e0e8a0891f4b758fc5b2c16 HTTP/1.1" 404 35 "-" "node-superagent/3.8.3"
::ffff:127.0.0.1 - - [03/Jan/2020:00:25:44 +0000] "POST /api/login HTTP/1.1" 200 427 "-" "node-superagent/3.8.3"
::ffff:127.0.0.1 - - [03/Jan/2020:00:25:44 +0000] "GET /api/users/email/test@xxx.com HTTP/1.1" 200 380 "-" "node-superagent/3.8.3"
::ffff:127.0.0.1 - - [03/Jan/2020:00:25:44 +0000] "PUT /api/users/5e0e8a0891f4b758fc5b2c16 HTTP/1.1" 404 35 "-" "node-superagent/3.8.3"
::ffff:127.0.0.1 - - [03/Jan/2020:00:25:44 +0000] "PUT /api/users/45 HTTP/1.1" 404 35 "-" "node-superagent/3.8.3"
::ffff:127.0.0.1 - - [03/Jan/2020:00:25:44 +0000] "POST /api/login HTTP/1.1" 200 427 "-" "node-superagent/3.8.3"
::ffff:127.0.0.1 - - [03/Jan/2020:00:25:44 +0000] "GET /api/users/email/test@xxx.com HTTP/1.1" 200 380 "-" "node-superagent/3.8.3"
::ffff:127.0.0.1 - - [03/Jan/2020:00:25:44 +0000] "DELETE /api/users/5e0e8a0891f4b758fc5b2c16 HTTP/1.1" 404 35 "-" "node-superagent/3.8.3"
::ffff:127.0.0.1 - - [03/Jan/2020:00:25:44 +0000] "DELETE /api/users/1 HTTP/1.1" 404 35 "-" "node-superagent/3.8.3"
::ffff:127.0.0.1 - - [03/Jan/2020:15:43:35 +0000] "POST /api/users HTTP/1.1" 500 619 "-" "node-superagent/3.8.3"
::ffff:127.0.0.1 - - [03/Jan/2020:15:43:35 +0000] "POST /api/users HTTP/1.1" 500 456 "-" "node-superagent/3.8.3"
::ffff:127.0.0.1 - - [03/Jan/2020:15:43:35 +0000] "POST /api/users HTTP/1.1" 500 61 "-" "node-superagent/3.8.3"
::ffff:127.0.0.1 - - [03/Jan/2020:15:43:35 +0000] "POST /api/login HTTP/1.1" 200 427 "-" "node-superagent/3.8.3"
::ffff:127.0.0.1 - - [03/Jan/2020:15:43:35 +0000] "GET /api/users/ HTTP/1.1" 404 35 "-" "node-superagent/3.8.3"
::ffff:127.0.0.1 - - [03/Jan/2020:15:43:35 +0000] "GET /api/users/email/test@xxx.com HTTP/1.1" 200 380 "-" "node-superagent/3.8.3"
::ffff:127.0.0.1 - - [03/Jan/2020:15:43:35 +0000] "GET /api/users/5e0e8a0891f4b758fc5b2c16 HTTP/1.1" 404 35 "-" "node-superagent/3.8.3"
::ffff:127.0.0.1 - - [03/Jan/2020:15:43:35 +0000] "GET /api/users/5e0e8a0891f4b758fc5b2c16 HTTP/1.1" 404 35 "-" "node-superagent/3.8.3"
::ffff:127.0.0.1 - - [03/Jan/2020:15:43:35 +0000] "POST /api/login HTTP/1.1" 200 427 "-" "node-superagent/3.8.3"
::ffff:127.0.0.1 - - [03/Jan/2020:15:43:35 +0000] "GET /api/users/email/test@xxx.com HTTP/1.1" 200 380 "-" "node-superagent/3.8.3"
::ffff:127.0.0.1 - - [03/Jan/2020:15:43:35 +0000] "PUT /api/users/5e0e8a0891f4b758fc5b2c16 HTTP/1.1" 404 35 "-" "node-superagent/3.8.3"
::ffff:127.0.0.1 - - [03/Jan/2020:15:43:35 +0000] "PUT /api/users/45 HTTP/1.1" 404 35 "-" "node-superagent/3.8.3"
::ffff:127.0.0.1 - - [03/Jan/2020:15:43:35 +0000] "POST /api/login HTTP/1.1" 200 427 "-" "node-superagent/3.8.3"
::ffff:127.0.0.1 - - [03/Jan/2020:15:43:35 +0000] "GET /api/users/email/test@xxx.com HTTP/1.1" 200 380 "-" "node-superagent/3.8.3"
::ffff:127.0.0.1 - - [03/Jan/2020:15:43:35 +0000] "DELETE /api/users/5e0e8a0891f4b758fc5b2c16 HTTP/1.1" 404 35 "-" "node-superagent/3.8.3"
::ffff:127.0.0.1 - - [03/Jan/2020:15:43:35 +0000] "DELETE /api/users/1 HTTP/1.1" 404 35 "-" "node-superagent/3.8.3"
::1 - - [03/Jan/2020:15:43:51 +0000] "GET /api/users/ HTTP/1.1" 200 745 "-" "Mozilla/5.0 (Windows NT 10.0; Win64; x64) AppleWebKit/537.36 (KHTML, like Gecko) Chrome/79.0.3945.88 Safari/537.36"
::1 - - [03/Jan/2020:15:43:58 +0000] "DELETE /api/users/5e0e8a0891f4b758fc5b2c16 HTTP/1.1" 200 395 "-" "Mozilla/5.0 (Windows NT 10.0; Win64; x64) AppleWebKit/537.36 (KHTML, like Gecko) Chrome/79.0.3945.88 Safari/537.36"
::1 - - [03/Jan/2020:15:56:28 +0000] "GET /api/users/ HTTP/1.1" 200 416 "-" "Mozilla/5.0 (Windows NT 10.0; Win64; x64) AppleWebKit/537.36 (KHTML, like Gecko) Chrome/79.0.3945.88 Safari/537.36"
::1 - - [03/Jan/2020:15:56:39 +0000] "GET /api/users/ HTTP/1.1" 200 416 "-" "Mozilla/5.0 (Windows NT 10.0; Win64; x64) AppleWebKit/537.36 (KHTML, like Gecko) Chrome/79.0.3945.88 Safari/537.36"
::1 - - [03/Jan/2020:15:56:40 +0000] "GET /api/users/ HTTP/1.1" 200 416 "-" "Mozilla/5.0 (Windows NT 10.0; Win64; x64) AppleWebKit/537.36 (KHTML, like Gecko) Chrome/79.0.3945.88 Safari/537.36"
::1 - - [03/Jan/2020:15:57:09 +0000] "GET /api/users/email/test@xxx.com HTTP/1.1" 500 81 "-" "Mozilla/5.0 (Windows NT 10.0; Win64; x64) AppleWebKit/537.36 (KHTML, like Gecko) Chrome/79.0.3945.88 Safari/537.36"
::1 - - [03/Jan/2020:15:59:50 +0000] "GET /api/users/ HTTP/1.1" 200 416 "-" "Mozilla/5.0 (Windows NT 10.0; Win64; x64) AppleWebKit/537.36 (KHTML, like Gecko) Chrome/79.0.3945.88 Safari/537.36"
::1 - - [03/Jan/2020:16:05:32 +0000] "POST /api/users/ HTTP/1.1" 200 399 "-" "Mozilla/5.0 (Windows NT 10.0; Win64; x64) AppleWebKit/537.36 (KHTML, like Gecko) Chrome/79.0.3945.88 Safari/537.36"
::1 - - [03/Jan/2020:16:06:53 +0000] "DELETE /api/users/5e0f664cf0f16f3600ed4951 HTTP/1.1" 200 408 "-" "Mozilla/5.0 (Windows NT 10.0; Win64; x64) AppleWebKit/537.36 (KHTML, like Gecko) Chrome/79.0.3945.88 Safari/537.36"
::1 - - [03/Jan/2020:16:06:57 +0000] "GET /api/users/ HTTP/1.1" 200 416 "-" "Mozilla/5.0 (Windows NT 10.0; Win64; x64) AppleWebKit/537.36 (KHTML, like Gecko) Chrome/79.0.3945.88 Safari/537.36"
::ffff:127.0.0.1 - - [03/Jan/2020:16:07:20 +0000] "POST /api/users HTTP/1.1" 200 386 "-" "node-superagent/3.8.3"
::1 - - [03/Jan/2020:16:08:18 +0000] "GET /api/users/ HTTP/1.1" 200 745 "-" "Mozilla/5.0 (Windows NT 10.0; Win64; x64) AppleWebKit/537.36 (KHTML, like Gecko) Chrome/79.0.3945.88 Safari/537.36"
::1 - - [03/Jan/2020:16:08:26 +0000] "DELETE /api/users/5e0f66b8ba834a69d89044b0 HTTP/1.1" 200 395 "-" "Mozilla/5.0 (Windows NT 10.0; Win64; x64) AppleWebKit/537.36 (KHTML, like Gecko) Chrome/79.0.3945.88 Safari/537.36"
::ffff:127.0.0.1 - - [03/Jan/2020:16:08:44 +0000] "POST /api/users HTTP/1.1" 200 386 "-" "node-superagent/3.8.3"
::1 - - [03/Jan/2020:16:09:26 +0000] "GET /api/users/ HTTP/1.1" 200 745 "-" "Mozilla/5.0 (Windows NT 10.0; Win64; x64) AppleWebKit/537.36 (KHTML, like Gecko) Chrome/79.0.3945.88 Safari/537.36"
::1 - - [03/Jan/2020:16:09:33 +0000] "DELETE /api/users/5e0f670c82d7b77f14c4f783 HTTP/1.1" 200 395 "-" "Mozilla/5.0 (Windows NT 10.0; Win64; x64) AppleWebKit/537.36 (KHTML, like Gecko) Chrome/79.0.3945.88 Safari/537.36"
::ffff:127.0.0.1 - - [03/Jan/2020:16:11:17 +0000] "POST /api/users HTTP/1.1" 200 386 "-" "node-superagent/3.8.3"
::1 - - [03/Jan/2020:16:12:33 +0000] "GET /api/users/ HTTP/1.1" 200 745 "-" "Mozilla/5.0 (Windows NT 10.0; Win64; x64) AppleWebKit/537.36 (KHTML, like Gecko) Chrome/79.0.3945.88 Safari/537.36"
::1 - - [03/Jan/2020:16:12:40 +0000] "DELETE /api/users/5e0f67a5552b13221027f1c0 HTTP/1.1" 200 395 "-" "Mozilla/5.0 (Windows NT 10.0; Win64; x64) AppleWebKit/537.36 (KHTML, like Gecko) Chrome/79.0.3945.88 Safari/537.36"
::ffff:127.0.0.1 - - [03/Jan/2020:16:12:54 +0000] "POST /api/users HTTP/1.1" 200 386 "-" "node-superagent/3.8.3"
::ffff:127.0.0.1 - - [03/Jan/2020:16:12:54 +0000] "POST /api/users HTTP/1.1" 500 456 "-" "node-superagent/3.8.3"
::ffff:127.0.0.1 - - [03/Jan/2020:16:12:54 +0000] "POST /api/users HTTP/1.1" 500 61 "-" "node-superagent/3.8.3"
::1 - - [03/Jan/2020:16:13:15 +0000] "GET /api/users/ HTTP/1.1" 200 745 "-" "Mozilla/5.0 (Windows NT 10.0; Win64; x64) AppleWebKit/537.36 (KHTML, like Gecko) Chrome/79.0.3945.88 Safari/537.36"
::1 - - [03/Jan/2020:16:13:30 +0000] "DELETE /api/users/5e0f6806ef5eff61104302e7 HTTP/1.1" 200 395 "-" "Mozilla/5.0 (Windows NT 10.0; Win64; x64) AppleWebKit/537.36 (KHTML, like Gecko) Chrome/79.0.3945.88 Safari/537.36"
::1 - - [03/Jan/2020:16:13:32 +0000] "GET /api/users/ HTTP/1.1" 200 416 "-" "Mozilla/5.0 (Windows NT 10.0; Win64; x64) AppleWebKit/537.36 (KHTML, like Gecko) Chrome/79.0.3945.88 Safari/537.36"
::1 - - [03/Jan/2020:16:13:41 +0000] "POST /api/users/ HTTP/1.1" 500 456 "-" "Mozilla/5.0 (Windows NT 10.0; Win64; x64) AppleWebKit/537.36 (KHTML, like Gecko) Chrome/79.0.3945.88 Safari/537.36"
::1 - - [03/Jan/2020:16:14:57 +0000] "POST /api/users/ HTTP/1.1" 500 514 "-" "Mozilla/5.0 (Windows NT 10.0; Win64; x64) AppleWebKit/537.36 (KHTML, like Gecko) Chrome/79.0.3945.88 Safari/537.36"
::1 - - [03/Jan/2020:16:22:03 +0000] "POST /api/users/ HTTP/1.1" 400 514 "-" "Mozilla/5.0 (Windows NT 10.0; Win64; x64) AppleWebKit/537.36 (KHTML, like Gecko) Chrome/79.0.3945.88 Safari/537.36"
::1 - - [03/Jan/2020:16:24:51 +0000] "POST /api/users/ HTTP/1.1" 500 61 "-" "Mozilla/5.0 (Windows NT 10.0; Win64; x64) AppleWebKit/537.36 (KHTML, like Gecko) Chrome/79.0.3945.88 Safari/537.36"
::1 - - [03/Jan/2020:16:26:13 +0000] "GET /api/users/ HTTP/1.1" 200 416 "-" "Mozilla/5.0 (Windows NT 10.0; Win64; x64) AppleWebKit/537.36 (KHTML, like Gecko) Chrome/79.0.3945.88 Safari/537.36"
::ffff:127.0.0.1 - - [03/Jan/2020:16:28:09 +0000] "POST /api/users HTTP/1.1" 200 386 "-" "node-superagent/3.8.3"
::ffff:127.0.0.1 - - [03/Jan/2020:16:28:09 +0000] "POST /api/users HTTP/1.1" 400 456 "-" "node-superagent/3.8.3"
::ffff:127.0.0.1 - - [03/Jan/2020:16:28:09 +0000] "POST /api/users HTTP/1.1" 500 61 "-" "node-superagent/3.8.3"
::1 - - [03/Jan/2020:16:28:30 +0000] "GET /api/users/ HTTP/1.1" 200 745 "-" "Mozilla/5.0 (Windows NT 10.0; Win64; x64) AppleWebKit/537.36 (KHTML, like Gecko) Chrome/79.0.3945.88 Safari/537.36"
::1 - - [03/Jan/2020:16:28:38 +0000] "DELETE /api/users/5e0f6b99c2b154402c7b4d2d HTTP/1.1" 200 395 "-" "Mozilla/5.0 (Windows NT 10.0; Win64; x64) AppleWebKit/537.36 (KHTML, like Gecko) Chrome/79.0.3945.88 Safari/537.36"
::1 - - [03/Jan/2020:16:28:41 +0000] "GET /api/users/ HTTP/1.1" 200 416 "-" "Mozilla/5.0 (Windows NT 10.0; Win64; x64) AppleWebKit/537.36 (KHTML, like Gecko) Chrome/79.0.3945.88 Safari/537.36"
::1 - - [03/Jan/2020:16:28:48 +0000] "POST /api/users/ HTTP/1.1" 400 514 "-" "Mozilla/5.0 (Windows NT 10.0; Win64; x64) AppleWebKit/537.36 (KHTML, like Gecko) Chrome/79.0.3945.88 Safari/537.36"
::ffff:127.0.0.1 - - [03/Jan/2020:16:29:48 +0000] "POST /api/users HTTP/1.1" 200 386 "-" "node-superagent/3.8.3"
::ffff:127.0.0.1 - - [03/Jan/2020:16:29:48 +0000] "POST /api/users HTTP/1.1" 400 456 "-" "node-superagent/3.8.3"
::ffff:127.0.0.1 - - [03/Jan/2020:16:29:48 +0000] "POST /api/users HTTP/1.1" 500 61 "-" "node-superagent/3.8.3"
::1 - - [03/Jan/2020:16:31:19 +0000] "GET /api/users/ HTTP/1.1" 200 745 "-" "Mozilla/5.0 (Windows NT 10.0; Win64; x64) AppleWebKit/537.36 (KHTML, like Gecko) Chrome/79.0.3945.88 Safari/537.36"
::1 - - [03/Jan/2020:16:31:26 +0000] "DELETE /api/users/5e0f6bfc42d0bb36f03cf99f HTTP/1.1" 200 395 "-" "Mozilla/5.0 (Windows NT 10.0; Win64; x64) AppleWebKit/537.36 (KHTML, like Gecko) Chrome/79.0.3945.88 Safari/537.36"
::1 - - [03/Jan/2020:16:31:29 +0000] "GET /api/users/ HTTP/1.1" 200 416 "-" "Mozilla/5.0 (Windows NT 10.0; Win64; x64) AppleWebKit/537.36 (KHTML, like Gecko) Chrome/79.0.3945.88 Safari/537.36"
::1 - - [03/Jan/2020:16:51:40 +0000] "GET /api/users/ HTTP/1.1" 200 416 "-" "Mozilla/5.0 (Windows NT 10.0; Win64; x64) AppleWebKit/537.36 (KHTML, like Gecko) Chrome/79.0.3945.88 Safari/537.36"
::1 - - [03/Jan/2020:16:58:16 +0000] "GET /api/users/ HTTP/1.1" 200 416 "-" "Mozilla/5.0 (Windows NT 10.0; Win64; x64) AppleWebKit/537.36 (KHTML, like Gecko) Chrome/79.0.3945.88 Safari/537.36"
::1 - - [03/Jan/2020:16:58:23 +0000] "DELETE /api/users/5e045753fbb4412708229c05 HTTP/1.1" 200 412 "-" "Mozilla/5.0 (Windows NT 10.0; Win64; x64) AppleWebKit/537.36 (KHTML, like Gecko) Chrome/79.0.3945.88 Safari/537.36"
::1 - - [03/Jan/2020:17:00:13 +0000] "GET /api/users/ HTTP/1.1" 200 71 "-" "Mozilla/5.0 (Windows NT 10.0; Win64; x64) AppleWebKit/537.36 (KHTML, like Gecko) Chrome/79.0.3945.88 Safari/537.36"
::1 - - [03/Jan/2020:17:00:18 +0000] "GET /api/users/ HTTP/1.1" 200 71 "-" "Mozilla/5.0 (Windows NT 10.0; Win64; x64) AppleWebKit/537.36 (KHTML, like Gecko) Chrome/79.0.3945.88 Safari/537.36"
::1 - - [03/Jan/2020:17:01:26 +0000] "POST /api/users/ HTTP/1.1" 200 393 "-" "Mozilla/5.0 (Windows NT 10.0; Win64; x64) AppleWebKit/537.36 (KHTML, like Gecko) Chrome/79.0.3945.88 Safari/537.36"
::1 - - [03/Jan/2020:17:01:30 +0000] "GET /api/users/ HTTP/1.1" 200 406 "-" "Mozilla/5.0 (Windows NT 10.0; Win64; x64) AppleWebKit/537.36 (KHTML, like Gecko) Chrome/79.0.3945.88 Safari/537.36"
::ffff:127.0.0.1 - - [03/Jan/2020:17:01:55 +0000] "POST /api/users HTTP/1.1" 200 386 "-" "node-superagent/3.8.3"
::ffff:127.0.0.1 - - [03/Jan/2020:17:01:56 +0000] "POST /api/users HTTP/1.1" 400 456 "-" "node-superagent/3.8.3"
::ffff:127.0.0.1 - - [03/Jan/2020:17:01:56 +0000] "POST /api/users HTTP/1.1" 500 61 "-" "node-superagent/3.8.3"
::1 - - [03/Jan/2020:17:04:40 +0000] "GET /api/users/ HTTP/1.1" 200 735 "-" "Mozilla/5.0 (Windows NT 10.0; Win64; x64) AppleWebKit/537.36 (KHTML, like Gecko) Chrome/79.0.3945.88 Safari/537.36"
::1 - - [03/Jan/2020:17:04:48 +0000] "DELETE /api/users/5e0f7383aac857463cac5508 HTTP/1.1" 200 395 "-" "Mozilla/5.0 (Windows NT 10.0; Win64; x64) AppleWebKit/537.36 (KHTML, like Gecko) Chrome/79.0.3945.88 Safari/537.36"
::1 - - [03/Jan/2020:17:04:52 +0000] "GET /api/users/ HTTP/1.1" 200 406 "-" "Mozilla/5.0 (Windows NT 10.0; Win64; x64) AppleWebKit/537.36 (KHTML, like Gecko) Chrome/79.0.3945.88 Safari/537.36"
::1 - - [03/Jan/2020:17:05:40 +0000] "GET /api/users/ HTTP/1.1" 200 406 "-" "Mozilla/5.0 (Windows NT 10.0; Win64; x64) AppleWebKit/537.36 (KHTML, like Gecko) Chrome/79.0.3945.88 Safari/537.36"
::ffff:127.0.0.1 - - [03/Jan/2020:17:05:52 +0000] "POST /api/users HTTP/1.1" 200 386 "-" "node-superagent/3.8.3"
::ffff:127.0.0.1 - - [03/Jan/2020:17:05:52 +0000] "POST /api/users HTTP/1.1" 400 456 "-" "node-superagent/3.8.3"
::ffff:127.0.0.1 - - [03/Jan/2020:17:05:52 +0000] "POST /api/users HTTP/1.1" 500 61 "-" "node-superagent/3.8.3"
::1 - - [03/Jan/2020:17:08:15 +0000] "GET /api/users/ HTTP/1.1" 200 735 "-" "Mozilla/5.0 (Windows NT 10.0; Win64; x64) AppleWebKit/537.36 (KHTML, like Gecko) Chrome/79.0.3945.88 Safari/537.36"
::1 - - [03/Jan/2020:17:08:21 +0000] "DELETE /api/users/5e0f747003aa5109d446e0f9 HTTP/1.1" 200 395 "-" "Mozilla/5.0 (Windows NT 10.0; Win64; x64) AppleWebKit/537.36 (KHTML, like Gecko) Chrome/79.0.3945.88 Safari/537.36"
::ffff:127.0.0.1 - - [03/Jan/2020:17:08:29 +0000] "POST /api/users HTTP/1.1" 200 386 "-" "node-superagent/3.8.3"
::ffff:127.0.0.1 - - [03/Jan/2020:17:08:29 +0000] "POST /api/users HTTP/1.1" 400 456 "-" "node-superagent/3.8.3"
::ffff:127.0.0.1 - - [03/Jan/2020:17:08:29 +0000] "POST /api/users HTTP/1.1" 500 61 "-" "node-superagent/3.8.3"
::1 - - [03/Jan/2020:17:09:26 +0000] "POST /api/users/ HTTP/1.1" 500 61 "-" "Mozilla/5.0 (Windows NT 10.0; Win64; x64) AppleWebKit/537.36 (KHTML, like Gecko) Chrome/79.0.3945.88 Safari/537.36"
::1 - - [03/Jan/2020:17:09:32 +0000] "POST /api/users/ HTTP/1.1" 500 61 "-" "Mozilla/5.0 (Windows NT 10.0; Win64; x64) AppleWebKit/537.36 (KHTML, like Gecko) Chrome/79.0.3945.88 Safari/537.36"
::1 - - [03/Jan/2020:17:09:47 +0000] "POST /api/users/ HTTP/1.1" 500 61 "-" "Mozilla/5.0 (Windows NT 10.0; Win64; x64) AppleWebKit/537.36 (KHTML, like Gecko) Chrome/79.0.3945.88 Safari/537.36"
::1 - - [03/Jan/2020:17:11:04 +0000] "GET /api/users/ HTTP/1.1" 200 735 "-" "Mozilla/5.0 (Windows NT 10.0; Win64; x64) AppleWebKit/537.36 (KHTML, like Gecko) Chrome/79.0.3945.88 Safari/537.36"
::1 - - [03/Jan/2020:17:11:12 +0000] "DELETE /api/users/5e0f750d4e52f540c831c8cb HTTP/1.1" 200 395 "-" "Mozilla/5.0 (Windows NT 10.0; Win64; x64) AppleWebKit/537.36 (KHTML, like Gecko) Chrome/79.0.3945.88 Safari/537.36"
::1 - - [03/Jan/2020:17:11:16 +0000] "GET /api/users/ HTTP/1.1" 200 406 "-" "Mozilla/5.0 (Windows NT 10.0; Win64; x64) AppleWebKit/537.36 (KHTML, like Gecko) Chrome/79.0.3945.88 Safari/537.36"
::ffff:127.0.0.1 - - [03/Jan/2020:17:11:23 +0000] "POST /api/users HTTP/1.1" 200 386 "-" "node-superagent/3.8.3"
::ffff:127.0.0.1 - - [03/Jan/2020:17:11:23 +0000] "POST /api/users HTTP/1.1" 400 456 "-" "node-superagent/3.8.3"
::ffff:127.0.0.1 - - [03/Jan/2020:17:11:23 +0000] "POST /api/users HTTP/1.1" 500 61 "-" "node-superagent/3.8.3"
::1 - - [03/Jan/2020:17:16:07 +0000] "GET /api/users/ HTTP/1.1" 200 735 "-" "Mozilla/5.0 (Windows NT 10.0; Win64; x64) AppleWebKit/537.36 (KHTML, like Gecko) Chrome/79.0.3945.88 Safari/537.36"
::1 - - [03/Jan/2020:17:16:15 +0000] "DELETE /api/users/5e0f75bb13ed2c1958b1d537 HTTP/1.1" 200 395 "-" "Mozilla/5.0 (Windows NT 10.0; Win64; x64) AppleWebKit/537.36 (KHTML, like Gecko) Chrome/79.0.3945.88 Safari/537.36"
::1 - - [03/Jan/2020:17:16:18 +0000] "GET /api/users/ HTTP/1.1" 200 406 "-" "Mozilla/5.0 (Windows NT 10.0; Win64; x64) AppleWebKit/537.36 (KHTML, like Gecko) Chrome/79.0.3945.88 Safari/537.36"
::ffff:127.0.0.1 - - [03/Jan/2020:17:16:29 +0000] "POST /api/users HTTP/1.1" 200 386 "-" "node-superagent/3.8.3"
::ffff:127.0.0.1 - - [03/Jan/2020:17:16:29 +0000] "POST /api/users HTTP/1.1" 400 456 "-" "node-superagent/3.8.3"
::ffff:127.0.0.1 - - [03/Jan/2020:17:16:29 +0000] "POST /api/users HTTP/1.1" 500 61 "-" "node-superagent/3.8.3"
::1 - - [03/Jan/2020:17:20:07 +0000] "POST /api/users/ HTTP/1.1" 400 1249 "-" "Mozilla/5.0 (Windows NT 10.0; Win64; x64) AppleWebKit/537.36 (KHTML, like Gecko) Chrome/79.0.3945.88 Safari/537.36"
::1 - - [03/Jan/2020:17:22:46 +0000] "GET /api/users/ HTTP/1.1" 200 735 "-" "Mozilla/5.0 (Windows NT 10.0; Win64; x64) AppleWebKit/537.36 (KHTML, like Gecko) Chrome/79.0.3945.88 Safari/537.36"
::1 - - [03/Jan/2020:17:22:56 +0000] "POST /api/users/ HTTP/1.1" 400 905 "-" "Mozilla/5.0 (Windows NT 10.0; Win64; x64) AppleWebKit/537.36 (KHTML, like Gecko) Chrome/79.0.3945.88 Safari/537.36"
::1 - - [03/Jan/2020:17:23:16 +0000] "POST /api/users/ HTTP/1.1" 400 619 "-" "Mozilla/5.0 (Windows NT 10.0; Win64; x64) AppleWebKit/537.36 (KHTML, like Gecko) Chrome/79.0.3945.88 Safari/537.36"
::1 - - [03/Jan/2020:17:24:49 +0000] "DELETE /api/users/5e0f76ed07bf64664c8dee1e HTTP/1.1" 200 395 "-" "Mozilla/5.0 (Windows NT 10.0; Win64; x64) AppleWebKit/537.36 (KHTML, like Gecko) Chrome/79.0.3945.88 Safari/537.36"
::ffff:127.0.0.1 - - [03/Jan/2020:17:25:36 +0000] "POST /api/users HTTP/1.1" 200 386 "-" "node-superagent/3.8.3"
::ffff:127.0.0.1 - - [03/Jan/2020:17:25:36 +0000] "POST /api/users HTTP/1.1" 400 905 "-" "node-superagent/3.8.3"
::ffff:127.0.0.1 - - [03/Jan/2020:17:25:36 +0000] "POST /api/users HTTP/1.1" 400 1261 "-" "node-superagent/3.8.3"
::ffff:127.0.0.1 - - [03/Jan/2020:17:25:36 +0000] "POST /api/users HTTP/1.1" 500 61 "-" "node-superagent/3.8.3"
::1 - - [03/Jan/2020:17:26:44 +0000] "GET /api/users/ HTTP/1.1" 200 735 "-" "Mozilla/5.0 (Windows NT 10.0; Win64; x64) AppleWebKit/537.36 (KHTML, like Gecko) Chrome/79.0.3945.88 Safari/537.36"
::1 - - [03/Jan/2020:17:26:53 +0000] "DELETE /api/users/5e0f79102649945a1431b004 HTTP/1.1" 200 395 "-" "Mozilla/5.0 (Windows NT 10.0; Win64; x64) AppleWebKit/537.36 (KHTML, like Gecko) Chrome/79.0.3945.88 Safari/537.36"
::ffff:127.0.0.1 - - [03/Jan/2020:17:27:50 +0000] "POST /api/users HTTP/1.1" 200 386 "-" "node-superagent/3.8.3"
::ffff:127.0.0.1 - - [03/Jan/2020:17:27:50 +0000] "POST /api/users HTTP/1.1" 400 905 "-" "node-superagent/3.8.3"
::ffff:127.0.0.1 - - [03/Jan/2020:17:27:50 +0000] "POST /api/users HTTP/1.1" 400 619 "-" "node-superagent/3.8.3"
::ffff:127.0.0.1 - - [03/Jan/2020:17:27:50 +0000] "POST /api/users HTTP/1.1" 500 61 "-" "node-superagent/3.8.3"
::1 - - [03/Jan/2020:17:30:25 +0000] "DELETE /api/users/5e0f79102649945a1431b004 HTTP/1.1" 500 94 "-" "Mozilla/5.0 (Windows NT 10.0; Win64; x64) AppleWebKit/537.36 (KHTML, like Gecko) Chrome/79.0.3945.88 Safari/537.36"
::1 - - [03/Jan/2020:17:30:30 +0000] "GET /api/users/ HTTP/1.1" 200 735 "-" "Mozilla/5.0 (Windows NT 10.0; Win64; x64) AppleWebKit/537.36 (KHTML, like Gecko) Chrome/79.0.3945.88 Safari/537.36"
::1 - - [03/Jan/2020:17:30:36 +0000] "DELETE /api/users/5e0f79965fb8263e94bfc3e4 HTTP/1.1" 200 395 "-" "Mozilla/5.0 (Windows NT 10.0; Win64; x64) AppleWebKit/537.36 (KHTML, like Gecko) Chrome/79.0.3945.88 Safari/537.36"
::1 - - [03/Jan/2020:17:34:15 +0000] "GET /api/users/ HTTP/1.1" 200 406 "-" "Mozilla/5.0 (Windows NT 10.0; Win64; x64) AppleWebKit/537.36 (KHTML, like Gecko) Chrome/79.0.3945.88 Safari/537.36"
::ffff:127.0.0.1 - - [03/Jan/2020:17:34:27 +0000] "POST /api/users HTTP/1.1" 200 386 "-" "node-superagent/3.8.3"
::ffff:127.0.0.1 - - [03/Jan/2020:17:34:27 +0000] "POST /api/users HTTP/1.1" 400 905 "-" "node-superagent/3.8.3"
::ffff:127.0.0.1 - - [03/Jan/2020:17:34:27 +0000] "POST /api/users HTTP/1.1" 400 619 "-" "node-superagent/3.8.3"
::ffff:127.0.0.1 - - [03/Jan/2020:17:34:27 +0000] "POST /api/users HTTP/1.1" 500 61 "-" "node-superagent/3.8.3"
::ffff:127.0.0.1 - - [03/Jan/2020:17:34:27 +0000] "POST /api/login HTTP/1.1" 200 427 "-" "node-superagent/3.8.3"
::ffff:127.0.0.1 - - [03/Jan/2020:17:34:27 +0000] "GET /api/users/ HTTP/1.1" 404 35 "-" "node-superagent/3.8.3"
::ffff:127.0.0.1 - - [03/Jan/2020:17:34:27 +0000] "GET /api/users/email/test@xxx.com HTTP/1.1" 200 380 "-" "node-superagent/3.8.3"
::ffff:127.0.0.1 - - [03/Jan/2020:17:34:27 +0000] "POST /api/login HTTP/1.1" 200 427 "-" "node-superagent/3.8.3"
::ffff:127.0.0.1 - - [03/Jan/2020:17:34:27 +0000] "GET /api/users/email/test@xxx.com HTTP/1.1" 200 380 "-" "node-superagent/3.8.3"
::ffff:127.0.0.1 - - [03/Jan/2020:17:34:27 +0000] "DELETE /api/users/5e0f7b23cdd8ba65dc2dfdd2 HTTP/1.1" 404 35 "-" "node-superagent/3.8.3"
::1 - - [03/Jan/2020:17:37:28 +0000] "GET /api/users/ HTTP/1.1" 200 735 "-" "Mozilla/5.0 (Windows NT 10.0; Win64; x64) AppleWebKit/537.36 (KHTML, like Gecko) Chrome/79.0.3945.88 Safari/537.36"
::1 - - [03/Jan/2020:17:39:28 +0000] "GET /api/users/ HTTP/1.1" 200 735 "-" "Mozilla/5.0 (Windows NT 10.0; Win64; x64) AppleWebKit/537.36 (KHTML, like Gecko) Chrome/79.0.3945.88 Safari/537.36"
::1 - - [03/Jan/2020:17:39:36 +0000] "DELETE /api/users/5e0f7b23cdd8ba65dc2dfdd2 HTTP/1.1" 200 395 "-" "Mozilla/5.0 (Windows NT 10.0; Win64; x64) AppleWebKit/537.36 (KHTML, like Gecko) Chrome/79.0.3945.88 Safari/537.36"
::1 - - [03/Jan/2020:17:44:51 +0000] "GET /api/users/ HTTP/1.1" 200 406 "-" "Mozilla/5.0 (Windows NT 10.0; Win64; x64) AppleWebKit/537.36 (KHTML, like Gecko) Chrome/79.0.3945.88 Safari/537.36"
::ffff:127.0.0.1 - - [03/Jan/2020:17:45:13 +0000] "POST /api/users HTTP/1.1" 200 386 "-" "node-superagent/3.8.3"
::ffff:127.0.0.1 - - [03/Jan/2020:17:45:13 +0000] "POST /api/users HTTP/1.1" 400 905 "-" "node-superagent/3.8.3"
::ffff:127.0.0.1 - - [03/Jan/2020:17:45:13 +0000] "POST /api/users HTTP/1.1" 400 619 "-" "node-superagent/3.8.3"
::ffff:127.0.0.1 - - [03/Jan/2020:17:45:13 +0000] "POST /api/users HTTP/1.1" 500 61 "-" "node-superagent/3.8.3"
::ffff:127.0.0.1 - - [03/Jan/2020:17:45:13 +0000] "POST /api/login HTTP/1.1" 200 427 "-" "node-superagent/3.8.3"
::ffff:127.0.0.1 - - [03/Jan/2020:17:45:14 +0000] "GET /api/users/email/test@xxx.com HTTP/1.1" 200 380 "-" "node-superagent/3.8.3"
::ffff:127.0.0.1 - - [03/Jan/2020:17:45:14 +0000] "GET /api/users/ HTTP/1.1" 404 35 "-" "node-superagent/3.8.3"
::ffff:127.0.0.1 - - [03/Jan/2020:17:45:14 +0000] "POST /api/login HTTP/1.1" 200 427 "-" "node-superagent/3.8.3"
::ffff:127.0.0.1 - - [03/Jan/2020:17:45:14 +0000] "GET /api/users/email/test@xxx.com HTTP/1.1" 200 380 "-" "node-superagent/3.8.3"
::ffff:127.0.0.1 - - [03/Jan/2020:17:45:14 +0000] "DELETE /api/users/5e0f7da9e3ccbd569c5895dc HTTP/1.1" 404 35 "-" "node-superagent/3.8.3"
::1 - - [03/Jan/2020:17:48:11 +0000] "GET /api/users/ HTTP/1.1" 200 735 "-" "Mozilla/5.0 (Windows NT 10.0; Win64; x64) AppleWebKit/537.36 (KHTML, like Gecko) Chrome/79.0.3945.88 Safari/537.36"
::1 - - [03/Jan/2020:17:48:18 +0000] "DELETE /api/users/5e0f7da9e3ccbd569c5895dc HTTP/1.1" 200 395 "-" "Mozilla/5.0 (Windows NT 10.0; Win64; x64) AppleWebKit/537.36 (KHTML, like Gecko) Chrome/79.0.3945.88 Safari/537.36"
::ffff:127.0.0.1 - - [03/Jan/2020:17:48:42 +0000] "POST /api/users HTTP/1.1" 200 386 "-" "node-superagent/3.8.3"
::ffff:127.0.0.1 - - [03/Jan/2020:17:48:42 +0000] "POST /api/users HTTP/1.1" 400 905 "-" "node-superagent/3.8.3"
::ffff:127.0.0.1 - - [03/Jan/2020:17:48:42 +0000] "POST /api/users HTTP/1.1" 400 619 "-" "node-superagent/3.8.3"
::ffff:127.0.0.1 - - [03/Jan/2020:17:48:42 +0000] "POST /api/users HTTP/1.1" 500 61 "-" "node-superagent/3.8.3"
::ffff:127.0.0.1 - - [03/Jan/2020:17:48:42 +0000] "POST /api/login HTTP/1.1" 200 427 "-" "node-superagent/3.8.3"
::ffff:127.0.0.1 - - [03/Jan/2020:17:48:42 +0000] "GET /api/users/email/test@xxx.com HTTP/1.1" 200 380 "-" "node-superagent/3.8.3"
::ffff:127.0.0.1 - - [03/Jan/2020:17:48:42 +0000] "GET /api/users/ HTTP/1.1" 404 35 "-" "node-superagent/3.8.3"
::ffff:127.0.0.1 - - [03/Jan/2020:17:48:42 +0000] "POST /api/login HTTP/1.1" 200 427 "-" "node-superagent/3.8.3"
::ffff:127.0.0.1 - - [03/Jan/2020:17:48:42 +0000] "GET /api/users/email/test@xxx.com HTTP/1.1" 200 380 "-" "node-superagent/3.8.3"
::ffff:127.0.0.1 - - [03/Jan/2020:17:48:42 +0000] "DELETE /api/users/5e0f7e7a4323f15f8052085f HTTP/1.1" 404 35 "-" "node-superagent/3.8.3"
::ffff:10.96.64.106 - - [03/Jan/2020:17:50:29 +0000] "GET / HTTP/1.1" 200 30 "-" "-"
::ffff:10.96.64.106 - - [03/Jan/2020:17:50:29 +0000] "GET /HNAP1/ HTTP/1.1" 404 46 "-" "-"
::1 - - [03/Jan/2020:17:53:04 +0000] "GET /api/users/ HTTP/1.1" 200 735 "-" "Mozilla/5.0 (Windows NT 10.0; Win64; x64) AppleWebKit/537.36 (KHTML, like Gecko) Chrome/79.0.3945.88 Safari/537.36"
::1 - - [03/Jan/2020:17:53:11 +0000] "DELETE /api/users/5e0f7e7a4323f15f8052085f HTTP/1.1" 200 395 "-" "Mozilla/5.0 (Windows NT 10.0; Win64; x64) AppleWebKit/537.36 (KHTML, like Gecko) Chrome/79.0.3945.88 Safari/537.36"
::ffff:127.0.0.1 - - [03/Jan/2020:17:53:18 +0000] "POST /api/users HTTP/1.1" 200 386 "-" "node-superagent/3.8.3"
::ffff:127.0.0.1 - - [03/Jan/2020:17:53:19 +0000] "POST /api/users HTTP/1.1" 400 905 "-" "node-superagent/3.8.3"
::ffff:127.0.0.1 - - [03/Jan/2020:17:53:19 +0000] "POST /api/users HTTP/1.1" 400 619 "-" "node-superagent/3.8.3"
::ffff:127.0.0.1 - - [03/Jan/2020:17:53:19 +0000] "POST /api/users HTTP/1.1" 500 61 "-" "node-superagent/3.8.3"
::ffff:127.0.0.1 - - [03/Jan/2020:17:53:19 +0000] "POST /api/login HTTP/1.1" 200 427 "-" "node-superagent/3.8.3"
::ffff:127.0.0.1 - - [03/Jan/2020:17:53:19 +0000] "GET /api/users/email/test@xxx.com HTTP/1.1" 200 380 "-" "node-superagent/3.8.3"
::ffff:127.0.0.1 - - [03/Jan/2020:17:53:19 +0000] "GET /api/users/ HTTP/1.1" 404 35 "-" "node-superagent/3.8.3"
::ffff:127.0.0.1 - - [03/Jan/2020:17:53:19 +0000] "POST /api/login HTTP/1.1" 200 427 "-" "node-superagent/3.8.3"
::ffff:127.0.0.1 - - [03/Jan/2020:17:53:19 +0000] "GET /api/users/email/test@xxx.com HTTP/1.1" 200 380 "-" "node-superagent/3.8.3"
::ffff:127.0.0.1 - - [03/Jan/2020:17:53:19 +0000] "DELETE /api/users/5e0f7f8e8af53f4280832f8b HTTP/1.1" 404 35 "-" "node-superagent/3.8.3"
::1 - - [03/Jan/2020:17:54:26 +0000] "GET /api/users/ HTTP/1.1" 200 735 "-" "Mozilla/5.0 (Windows NT 10.0; Win64; x64) AppleWebKit/537.36 (KHTML, like Gecko) Chrome/79.0.3945.88 Safari/537.36"
::1 - - [03/Jan/2020:17:54:36 +0000] "DELETE /api/users/5e0f7f8e8af53f4280832f8b HTTP/1.1" 200 395 "-" "Mozilla/5.0 (Windows NT 10.0; Win64; x64) AppleWebKit/537.36 (KHTML, like Gecko) Chrome/79.0.3945.88 Safari/537.36"
::ffff:127.0.0.1 - - [03/Jan/2020:17:54:48 +0000] "POST /api/users HTTP/1.1" 200 386 "-" "node-superagent/3.8.3"
::ffff:127.0.0.1 - - [03/Jan/2020:17:54:48 +0000] "POST /api/users HTTP/1.1" 400 905 "-" "node-superagent/3.8.3"
::ffff:127.0.0.1 - - [03/Jan/2020:17:54:48 +0000] "POST /api/users HTTP/1.1" 400 619 "-" "node-superagent/3.8.3"
::ffff:127.0.0.1 - - [03/Jan/2020:17:54:48 +0000] "POST /api/users HTTP/1.1" 500 61 "-" "node-superagent/3.8.3"
::ffff:127.0.0.1 - - [03/Jan/2020:17:54:48 +0000] "POST /api/login HTTP/1.1" 200 427 "-" "node-superagent/3.8.3"
::ffff:127.0.0.1 - - [03/Jan/2020:17:54:48 +0000] "GET /api/users/email/test@xxx.com HTTP/1.1" 200 380 "-" "node-superagent/3.8.3"
::ffff:127.0.0.1 - - [03/Jan/2020:17:54:48 +0000] "GET /api/users/ HTTP/1.1" 404 35 "-" "node-superagent/3.8.3"
::ffff:127.0.0.1 - - [03/Jan/2020:17:54:48 +0000] "POST /api/login HTTP/1.1" 200 427 "-" "node-superagent/3.8.3"
::ffff:127.0.0.1 - - [03/Jan/2020:17:54:48 +0000] "GET /api/users/email/test@xxx.com HTTP/1.1" 200 380 "-" "node-superagent/3.8.3"
::ffff:127.0.0.1 - - [03/Jan/2020:17:54:48 +0000] "DELETE /api/users/5e0f7fe87826681310519568 HTTP/1.1" 200 395 "-" "node-superagent/3.8.3"
::1 - - [03/Jan/2020:17:56:38 +0000] "GET /api/users/ HTTP/1.1" 200 406 "-" "Mozilla/5.0 (Windows NT 10.0; Win64; x64) AppleWebKit/537.36 (KHTML, like Gecko) Chrome/79.0.3945.88 Safari/537.36"
::ffff:127.0.0.1 - - [03/Jan/2020:17:56:49 +0000] "POST /api/users HTTP/1.1" 200 386 "-" "node-superagent/3.8.3"
::ffff:127.0.0.1 - - [03/Jan/2020:17:56:49 +0000] "POST /api/users HTTP/1.1" 400 905 "-" "node-superagent/3.8.3"
::ffff:127.0.0.1 - - [03/Jan/2020:17:56:49 +0000] "POST /api/users HTTP/1.1" 400 619 "-" "node-superagent/3.8.3"
::ffff:127.0.0.1 - - [03/Jan/2020:17:56:49 +0000] "POST /api/users HTTP/1.1" 500 61 "-" "node-superagent/3.8.3"
::ffff:127.0.0.1 - - [03/Jan/2020:17:56:49 +0000] "POST /api/login HTTP/1.1" 200 427 "-" "node-superagent/3.8.3"
::ffff:127.0.0.1 - - [03/Jan/2020:17:56:49 +0000] "GET /api/users/email/test@xxx.com HTTP/1.1" 200 380 "-" "node-superagent/3.8.3"
::ffff:127.0.0.1 - - [03/Jan/2020:17:56:49 +0000] "GET /api/users/ HTTP/1.1" 200 735 "-" "node-superagent/3.8.3"
::ffff:127.0.0.1 - - [03/Jan/2020:17:56:49 +0000] "POST /api/login HTTP/1.1" 200 427 "-" "node-superagent/3.8.3"
::ffff:127.0.0.1 - - [03/Jan/2020:17:56:49 +0000] "GET /api/users/email/test@xxx.com HTTP/1.1" 200 380 "-" "node-superagent/3.8.3"
::ffff:127.0.0.1 - - [03/Jan/2020:17:56:49 +0000] "DELETE /api/users/5e0f80617404271910fb0b19 HTTP/1.1" 200 395 "-" "node-superagent/3.8.3"
::1 - - [03/Jan/2020:18:00:05 +0000] "GET /api/users/ HTTP/1.1" 200 406 "-" "Mozilla/5.0 (Windows NT 10.0; Win64; x64) AppleWebKit/537.36 (KHTML, like Gecko) Chrome/79.0.3945.88 Safari/537.36"
::ffff:127.0.0.1 - - [03/Jan/2020:18:00:11 +0000] "POST /api/users HTTP/1.1" 200 386 "-" "node-superagent/3.8.3"
::ffff:127.0.0.1 - - [03/Jan/2020:18:00:11 +0000] "POST /api/users HTTP/1.1" 400 905 "-" "node-superagent/3.8.3"
::ffff:127.0.0.1 - - [03/Jan/2020:18:00:11 +0000] "POST /api/users HTTP/1.1" 400 619 "-" "node-superagent/3.8.3"
::ffff:127.0.0.1 - - [03/Jan/2020:18:00:11 +0000] "POST /api/users HTTP/1.1" 500 61 "-" "node-superagent/3.8.3"
::ffff:127.0.0.1 - - [03/Jan/2020:18:00:11 +0000] "POST /api/login HTTP/1.1" 200 427 "-" "node-superagent/3.8.3"
::ffff:127.0.0.1 - - [03/Jan/2020:18:00:11 +0000] "GET /api/users/email/test@xxx.com HTTP/1.1" 200 380 "-" "node-superagent/3.8.3"
::ffff:127.0.0.1 - - [03/Jan/2020:18:00:11 +0000] "GET /api/users/ HTTP/1.1" 200 735 "-" "node-superagent/3.8.3"
::ffff:127.0.0.1 - - [03/Jan/2020:18:00:11 +0000] "POST /api/login HTTP/1.1" 200 427 "-" "node-superagent/3.8.3"
::ffff:127.0.0.1 - - [03/Jan/2020:18:00:11 +0000] "GET /api/users/email/test@xxx.com HTTP/1.1" 200 380 "-" "node-superagent/3.8.3"
::ffff:127.0.0.1 - - [03/Jan/2020:18:00:11 +0000] "DELETE /api/users/5e0f812bd445665a74138260 HTTP/1.1" 200 395 "-" "node-superagent/3.8.3"
::1 - - [03/Jan/2020:18:01:07 +0000] "GET /api/users/ HTTP/1.1" 200 406 "-" "Mozilla/5.0 (Windows NT 10.0; Win64; x64) AppleWebKit/537.36 (KHTML, like Gecko) Chrome/79.0.3945.88 Safari/537.36"
::ffff:127.0.0.1 - - [03/Jan/2020:18:01:18 +0000] "POST /api/users HTTP/1.1" 200 386 "-" "node-superagent/3.8.3"
::ffff:127.0.0.1 - - [03/Jan/2020:18:01:18 +0000] "POST /api/users HTTP/1.1" 400 905 "-" "node-superagent/3.8.3"
::ffff:127.0.0.1 - - [03/Jan/2020:18:01:18 +0000] "POST /api/users HTTP/1.1" 400 619 "-" "node-superagent/3.8.3"
::ffff:127.0.0.1 - - [03/Jan/2020:18:01:18 +0000] "POST /api/users HTTP/1.1" 500 61 "-" "node-superagent/3.8.3"
::ffff:127.0.0.1 - - [03/Jan/2020:18:01:18 +0000] "POST /api/login HTTP/1.1" 200 427 "-" "node-superagent/3.8.3"
::ffff:127.0.0.1 - - [03/Jan/2020:18:01:18 +0000] "GET /api/users/email/test@xxx.com HTTP/1.1" 200 380 "-" "node-superagent/3.8.3"
::ffff:127.0.0.1 - - [03/Jan/2020:18:01:18 +0000] "GET /api/users/ HTTP/1.1" 200 735 "-" "node-superagent/3.8.3"
::ffff:127.0.0.1 - - [03/Jan/2020:18:01:18 +0000] "POST /api/login HTTP/1.1" 200 427 "-" "node-superagent/3.8.3"
::ffff:127.0.0.1 - - [03/Jan/2020:18:01:18 +0000] "GET /api/users/email/test@xxx.com HTTP/1.1" 200 380 "-" "node-superagent/3.8.3"
::ffff:127.0.0.1 - - [03/Jan/2020:18:01:18 +0000] "DELETE /api/users/5e0f816e4bbd9d7b645b23b7 HTTP/1.1" 200 395 "-" "node-superagent/3.8.3"
::ffff:127.0.0.1 - - [03/Jan/2020:18:06:50 +0000] "POST /api/users HTTP/1.1" 200 386 "-" "node-superagent/3.8.3"
::ffff:127.0.0.1 - - [03/Jan/2020:18:06:50 +0000] "POST /api/users HTTP/1.1" 400 905 "-" "node-superagent/3.8.3"
::ffff:127.0.0.1 - - [03/Jan/2020:18:06:50 +0000] "POST /api/users HTTP/1.1" 400 619 "-" "node-superagent/3.8.3"
::ffff:127.0.0.1 - - [03/Jan/2020:18:06:50 +0000] "POST /api/users HTTP/1.1" 500 61 "-" "node-superagent/3.8.3"
::ffff:127.0.0.1 - - [03/Jan/2020:18:06:51 +0000] "POST /api/login HTTP/1.1" 200 427 "-" "node-superagent/3.8.3"
::ffff:127.0.0.1 - - [03/Jan/2020:18:06:51 +0000] "GET /api/users/email/test@xxx.com HTTP/1.1" 200 380 "-" "node-superagent/3.8.3"
::ffff:127.0.0.1 - - [03/Jan/2020:18:06:51 +0000] "GET /api/users/ HTTP/1.1" 200 735 "-" "node-superagent/3.8.3"
::ffff:127.0.0.1 - - [03/Jan/2020:18:06:51 +0000] "GET /api/users/5e0f82bacacc4155802b707f HTTP/1.1" 200 380 "-" "node-superagent/3.8.3"
::ffff:127.0.0.1 - - [03/Jan/2020:18:06:51 +0000] "GET /api/users/1 HTTP/1.1" 404 246 "-" "node-superagent/3.8.3"
::ffff:127.0.0.1 - - [03/Jan/2020:18:06:51 +0000] "POST /api/login HTTP/1.1" 200 427 "-" "node-superagent/3.8.3"
::ffff:127.0.0.1 - - [03/Jan/2020:18:06:51 +0000] "GET /api/users/email/test@xxx.com HTTP/1.1" 200 380 "-" "node-superagent/3.8.3"
::ffff:127.0.0.1 - - [03/Jan/2020:18:06:51 +0000] "DELETE /api/users/5e0f82bacacc4155802b707f HTTP/1.1" 200 395 "-" "node-superagent/3.8.3"
::ffff:127.0.0.1 - - [03/Jan/2020:18:06:51 +0000] "DELETE /api/users/1 HTTP/1.1" 404 246 "-" "node-superagent/3.8.3"
::1 - - [03/Jan/2020:18:07:50 +0000] "GET /api/users/ HTTP/1.1" 200 406 "-" "Mozilla/5.0 (Windows NT 10.0; Win64; x64) AppleWebKit/537.36 (KHTML, like Gecko) Chrome/79.0.3945.88 Safari/537.36"
::1 - - [03/Jan/2020:18:07:54 +0000] "DELETE /api/users/5e0f7f8e8af53f4280832f8b HTTP/1.1" 500 94 "-" "Mozilla/5.0 (Windows NT 10.0; Win64; x64) AppleWebKit/537.36 (KHTML, like Gecko) Chrome/79.0.3945.88 Safari/537.36"
::1 - - [03/Jan/2020:18:08:01 +0000] "DELETE /api/users/1 HTTP/1.1" 404 246 "-" "Mozilla/5.0 (Windows NT 10.0; Win64; x64) AppleWebKit/537.36 (KHTML, like Gecko) Chrome/79.0.3945.88 Safari/537.36"
::1 - - [03/Jan/2020:18:08:36 +0000] "DELETE /api/users/5e0f73661da70a629c718302 HTTP/1.1" 500 94 "-" "Mozilla/5.0 (Windows NT 10.0; Win64; x64) AppleWebKit/537.36 (KHTML, like Gecko) Chrome/79.0.3945.88 Safari/537.36"
::1 - - [03/Jan/2020:18:10:15 +0000] "DELETE /api/users/5e0f73661da70a629c718302 HTTP/1.1" 500 94 "-" "Mozilla/5.0 (Windows NT 10.0; Win64; x64) AppleWebKit/537.36 (KHTML, like Gecko) Chrome/79.0.3945.88 Safari/537.36"
::1 - - [03/Jan/2020:18:10:30 +0000] "DELETE /api/users/5e0f73661da70a629c718302 HTTP/1.1" 404 94 "-" "Mozilla/5.0 (Windows NT 10.0; Win64; x64) AppleWebKit/537.36 (KHTML, like Gecko) Chrome/79.0.3945.88 Safari/537.36"
::1 - - [03/Jan/2020:18:13:02 +0000] "DELETE /api/users/ HTTP/1.1" 404 46 "-" "Mozilla/5.0 (Windows NT 10.0; Win64; x64) AppleWebKit/537.36 (KHTML, like Gecko) Chrome/79.0.3945.88 Safari/537.36"
::ffff:127.0.0.1 - - [03/Jan/2020:18:14:46 +0000] "POST /api/users HTTP/1.1" 200 386 "-" "node-superagent/3.8.3"
::ffff:127.0.0.1 - - [03/Jan/2020:18:14:46 +0000] "POST /api/users HTTP/1.1" 400 905 "-" "node-superagent/3.8.3"
::ffff:127.0.0.1 - - [03/Jan/2020:18:14:46 +0000] "POST /api/users HTTP/1.1" 400 619 "-" "node-superagent/3.8.3"
::ffff:127.0.0.1 - - [03/Jan/2020:18:14:46 +0000] "POST /api/users HTTP/1.1" 500 61 "-" "node-superagent/3.8.3"
::ffff:127.0.0.1 - - [03/Jan/2020:18:14:46 +0000] "POST /api/login HTTP/1.1" 200 427 "-" "node-superagent/3.8.3"
::ffff:127.0.0.1 - - [03/Jan/2020:18:14:46 +0000] "GET /api/users/email/test@xxx.com HTTP/1.1" 200 380 "-" "node-superagent/3.8.3"
::ffff:127.0.0.1 - - [03/Jan/2020:18:14:46 +0000] "GET /api/users/ HTTP/1.1" 200 735 "-" "node-superagent/3.8.3"
::ffff:127.0.0.1 - - [03/Jan/2020:18:14:46 +0000] "GET /api/users/5e0f84962757827ec4803478 HTTP/1.1" 200 380 "-" "node-superagent/3.8.3"
::ffff:127.0.0.1 - - [03/Jan/2020:18:14:46 +0000] "GET /api/users/1 HTTP/1.1" 404 246 "-" "node-superagent/3.8.3"
::ffff:127.0.0.1 - - [03/Jan/2020:18:14:46 +0000] "POST /api/login HTTP/1.1" 200 427 "-" "node-superagent/3.8.3"
::ffff:127.0.0.1 - - [03/Jan/2020:18:14:46 +0000] "GET /api/users/email/test@xxx.com HTTP/1.1" 200 380 "-" "node-superagent/3.8.3"
::ffff:127.0.0.1 - - [03/Jan/2020:18:14:46 +0000] "DELETE /api/users/5e0f84962757827ec4803478 HTTP/1.1" 200 395 "-" "node-superagent/3.8.3"
::ffff:127.0.0.1 - - [03/Jan/2020:18:14:46 +0000] "DELETE /api/users/1 HTTP/1.1" 404 251 "-" "node-superagent/3.8.3"
::ffff:127.0.0.1 - - [03/Jan/2020:18:15:20 +0000] "POST /api/users HTTP/1.1" 200 386 "-" "node-superagent/3.8.3"
::ffff:127.0.0.1 - - [03/Jan/2020:18:15:20 +0000] "POST /api/users HTTP/1.1" 400 905 "-" "node-superagent/3.8.3"
::ffff:127.0.0.1 - - [03/Jan/2020:18:15:20 +0000] "POST /api/users HTTP/1.1" 400 619 "-" "node-superagent/3.8.3"
::ffff:127.0.0.1 - - [03/Jan/2020:18:15:20 +0000] "POST /api/users HTTP/1.1" 500 61 "-" "node-superagent/3.8.3"
::ffff:127.0.0.1 - - [03/Jan/2020:18:15:20 +0000] "POST /api/login HTTP/1.1" 200 427 "-" "node-superagent/3.8.3"
::ffff:127.0.0.1 - - [03/Jan/2020:18:15:20 +0000] "GET /api/users/email/test@xxx.com HTTP/1.1" 200 380 "-" "node-superagent/3.8.3"
::ffff:127.0.0.1 - - [03/Jan/2020:18:15:20 +0000] "GET /api/users/ HTTP/1.1" 200 735 "-" "node-superagent/3.8.3"
::ffff:127.0.0.1 - - [03/Jan/2020:18:15:20 +0000] "GET /api/users/5e0f84b8f3baca1ad8612c72 HTTP/1.1" 200 380 "-" "node-superagent/3.8.3"
::ffff:127.0.0.1 - - [03/Jan/2020:18:15:20 +0000] "GET /api/users/1 HTTP/1.1" 404 246 "-" "node-superagent/3.8.3"
::ffff:127.0.0.1 - - [03/Jan/2020:18:15:20 +0000] "POST /api/login HTTP/1.1" 200 427 "-" "node-superagent/3.8.3"
::ffff:127.0.0.1 - - [03/Jan/2020:18:15:20 +0000] "GET /api/users/email/test@xxx.com HTTP/1.1" 200 380 "-" "node-superagent/3.8.3"
::ffff:127.0.0.1 - - [03/Jan/2020:18:15:20 +0000] "DELETE /api/users/5e0f84b8f3baca1ad8612c72 HTTP/1.1" 200 395 "-" "node-superagent/3.8.3"
::ffff:127.0.0.1 - - [03/Jan/2020:18:15:20 +0000] "DELETE /api/users/1 HTTP/1.1" 404 251 "-" "node-superagent/3.8.3"
::ffff:127.0.0.1 - - [03/Jan/2020:18:15:20 +0000] "DELETE /api/users/5e0f84b8f3baca1ad8612c72 HTTP/1.1" 404 94 "-" "node-superagent/3.8.3"
::1 - - [03/Jan/2020:18:18:47 +0000] "GET /api/users/ HTTP/1.1" 200 406 "-" "Mozilla/5.0 (Windows NT 10.0; Win64; x64) AppleWebKit/537.36 (KHTML, like Gecko) Chrome/79.0.3945.88 Safari/537.36"
::ffff:127.0.0.1 - - [03/Jan/2020:18:18:54 +0000] "POST /api/users HTTP/1.1" 200 386 "-" "node-superagent/3.8.3"
::ffff:127.0.0.1 - - [03/Jan/2020:18:18:54 +0000] "POST /api/users HTTP/1.1" 400 905 "-" "node-superagent/3.8.3"
::ffff:127.0.0.1 - - [03/Jan/2020:18:18:54 +0000] "POST /api/users HTTP/1.1" 400 619 "-" "node-superagent/3.8.3"
::ffff:127.0.0.1 - - [03/Jan/2020:18:18:54 +0000] "POST /api/users HTTP/1.1" 500 61 "-" "node-superagent/3.8.3"
::ffff:127.0.0.1 - - [03/Jan/2020:18:18:54 +0000] "POST /api/login HTTP/1.1" 200 427 "-" "node-superagent/3.8.3"
::ffff:127.0.0.1 - - [03/Jan/2020:18:18:54 +0000] "GET /api/users/email/test@xxx.com HTTP/1.1" 200 380 "-" "node-superagent/3.8.3"
::ffff:127.0.0.1 - - [03/Jan/2020:18:18:54 +0000] "GET /api/users/ HTTP/1.1" 200 735 "-" "node-superagent/3.8.3"
::ffff:127.0.0.1 - - [03/Jan/2020:18:18:54 +0000] "GET /api/users/5e0f858e305e705820b2a0eb HTTP/1.1" 200 380 "-" "node-superagent/3.8.3"
::ffff:127.0.0.1 - - [03/Jan/2020:18:18:54 +0000] "GET /api/users/1 HTTP/1.1" 404 246 "-" "node-superagent/3.8.3"
::ffff:127.0.0.1 - - [03/Jan/2020:18:18:54 +0000] "POST /api/login HTTP/1.1" 200 427 "-" "node-superagent/3.8.3"
::ffff:127.0.0.1 - - [03/Jan/2020:18:18:54 +0000] "GET /api/users/email/test@xxx.com HTTP/1.1" 200 380 "-" "node-superagent/3.8.3"
::ffff:127.0.0.1 - - [03/Jan/2020:18:18:54 +0000] "DELETE /api/users/5e0f858e305e705820b2a0eb HTTP/1.1" 200 395 "-" "node-superagent/3.8.3"
::ffff:127.0.0.1 - - [03/Jan/2020:18:18:54 +0000] "DELETE /api/users/1 HTTP/1.1" 404 251 "-" "node-superagent/3.8.3"
::ffff:127.0.0.1 - - [03/Jan/2020:18:18:54 +0000] "DELETE /api/users/5e0f858e305e705820b2a0eb HTTP/1.1" 404 94 "-" "node-superagent/3.8.3"
::1 - - [03/Jan/2020:18:24:58 +0000] "GET /api/users/ HTTP/1.1" 200 406 "-" "Mozilla/5.0 (Windows NT 10.0; Win64; x64) AppleWebKit/537.36 (KHTML, like Gecko) Chrome/79.0.3945.88 Safari/537.36"
::ffff:127.0.0.1 - - [03/Jan/2020:18:25:26 +0000] "POST /api/users HTTP/1.1" 200 386 "-" "node-superagent/3.8.3"
::ffff:127.0.0.1 - - [03/Jan/2020:18:25:26 +0000] "POST /api/users HTTP/1.1" 400 905 "-" "node-superagent/3.8.3"
::ffff:127.0.0.1 - - [03/Jan/2020:18:25:26 +0000] "POST /api/users HTTP/1.1" 400 619 "-" "node-superagent/3.8.3"
::ffff:127.0.0.1 - - [03/Jan/2020:18:25:26 +0000] "POST /api/users HTTP/1.1" 500 61 "-" "node-superagent/3.8.3"
::ffff:127.0.0.1 - - [03/Jan/2020:18:25:26 +0000] "POST /api/login HTTP/1.1" 200 427 "-" "node-superagent/3.8.3"
::ffff:127.0.0.1 - - [03/Jan/2020:18:25:26 +0000] "GET /api/users/email/test@xxx.com HTTP/1.1" 200 380 "-" "node-superagent/3.8.3"
::ffff:127.0.0.1 - - [03/Jan/2020:18:25:26 +0000] "GET /api/users/ HTTP/1.1" 200 735 "-" "node-superagent/3.8.3"
::ffff:127.0.0.1 - - [03/Jan/2020:18:25:26 +0000] "GET /api/users/5e0f871664a6bc08a0542a76 HTTP/1.1" 200 380 "-" "node-superagent/3.8.3"
::ffff:127.0.0.1 - - [03/Jan/2020:18:25:26 +0000] "GET /api/users/1 HTTP/1.1" 404 246 "-" "node-superagent/3.8.3"
::ffff:127.0.0.1 - - [03/Jan/2020:18:25:26 +0000] "POST /api/login HTTP/1.1" 200 427 "-" "node-superagent/3.8.3"
::ffff:127.0.0.1 - - [03/Jan/2020:18:25:26 +0000] "GET /api/users/email/test@xxx.com HTTP/1.1" 200 380 "-" "node-superagent/3.8.3"
::ffff:127.0.0.1 - - [03/Jan/2020:18:25:26 +0000] "PUT /api/users/5e0f871664a6bc08a0542a76 HTTP/1.1" 500 45 "-" "node-superagent/3.8.3"
::ffff:127.0.0.1 - - [03/Jan/2020:18:25:26 +0000] "PUT /api/users/45 HTTP/1.1" 500 45 "-" "node-superagent/3.8.3"
::ffff:127.0.0.1 - - [03/Jan/2020:18:25:26 +0000] "POST /api/login HTTP/1.1" 200 427 "-" "node-superagent/3.8.3"
::ffff:127.0.0.1 - - [03/Jan/2020:18:25:26 +0000] "GET /api/users/email/test@xxx.com HTTP/1.1" 200 380 "-" "node-superagent/3.8.3"
::ffff:127.0.0.1 - - [03/Jan/2020:18:25:26 +0000] "DELETE /api/users/5e0f871664a6bc08a0542a76 HTTP/1.1" 200 395 "-" "node-superagent/3.8.3"
::ffff:127.0.0.1 - - [03/Jan/2020:18:25:26 +0000] "DELETE /api/users/1 HTTP/1.1" 404 251 "-" "node-superagent/3.8.3"
::ffff:127.0.0.1 - - [03/Jan/2020:18:25:26 +0000] "DELETE /api/users/5e0f871664a6bc08a0542a76 HTTP/1.1" 404 94 "-" "node-superagent/3.8.3"
::ffff:127.0.0.1 - - [03/Jan/2020:18:25:26 +0000] "DELETE /api/users/ HTTP/1.1" 404 46 "-" "node-superagent/3.8.3"
::1 - - [03/Jan/2020:18:26:34 +0000] "DELETE /api/users/ HTTP/1.1" 404 46 "-" "Mozilla/5.0 (Windows NT 10.0; Win64; x64) AppleWebKit/537.36 (KHTML, like Gecko) Chrome/79.0.3945.88 Safari/537.36"
::1 - - [03/Jan/2020:18:26:35 +0000] "DELETE /api/users/ HTTP/1.1" 404 46 "-" "Mozilla/5.0 (Windows NT 10.0; Win64; x64) AppleWebKit/537.36 (KHTML, like Gecko) Chrome/79.0.3945.88 Safari/537.36"
::1 - - [03/Jan/2020:18:26:35 +0000] "DELETE /api/users/ HTTP/1.1" 404 46 "-" "Mozilla/5.0 (Windows NT 10.0; Win64; x64) AppleWebKit/537.36 (KHTML, like Gecko) Chrome/79.0.3945.88 Safari/537.36"
::1 - - [03/Jan/2020:18:26:35 +0000] "DELETE /api/users/ HTTP/1.1" 404 46 "-" "Mozilla/5.0 (Windows NT 10.0; Win64; x64) AppleWebKit/537.36 (KHTML, like Gecko) Chrome/79.0.3945.88 Safari/537.36"
